// Jest Snapshot v1, https://goo.gl/fbAQLP

exports[`Table default 1`] = `
.c1 {
  color: var(--Black, #000);
  font-family: Roboto Mono;
  font-size: 16px;
  font-style: normal;
  text-align: left;
  font-weight: 400;
  line-height: normal;
  text-decoration-line: underline;
}

.c0 {
  width: 100%;
  border: none;
}

<table
  className="c0"
  headers={
    [
      "Timestamp",
      "Subject",
      "HTML",
    ]
  }
  rows={
    [
      [
        "2023-10-24T03:55:00.789Z",
        "test-1",
        <h1>
          html element
        </h1>,
      ],
      [
        "2023-10-24T03:55:00.790Z",
        "test-2",
        <p>
          paragraph
        </p>,
      ],
      [
        "2023-10-24T03:55:00.790Z",
        "test-3",
        <button>
          button
        </button>,
      ],
    ]
  }
>
  <tr
    className=""
  >
    <th
      className="c1"
      style={{}}
    >
      Timestamp
    </th>
    <th
      className="c1"
      style={{}}
    >
      Subject
    </th>
    <th
      className="c1"
      style={{}}
    >
      HTML
    </th>
  </tr>
  <tr
    className=""
  >
    <td
      className=""
    >
      2023-10-24T03:55:00.789Z
    </td>
    <td
      className=""
    >
      test-1
    </td>
    <td
      className=""
    >
      <h1>
        html element
      </h1>
    </td>
  </tr>
  <tr
    className=""
  >
    <td
      className=""
    >
      2023-10-24T03:55:00.790Z
    </td>
    <td
      className=""
    >
      test-2
    </td>
    <td
      className=""
    >
      <p>
        paragraph
      </p>
    </td>
  </tr>
  <tr
    className=""
  >
    <td
      className=""
    >
      2023-10-24T03:55:00.790Z
    </td>
    <td
      className=""
    >
      test-3
    </td>
    <td
      className=""
    >
      <button>
        button
      </button>
    </td>
  </tr>
</table>
`;
