// Jest Snapshot v1, https://goo.gl/fbAQLP

exports[`Table default 1`] = `
.c3 {
  border-bottom: solid 1px #FFF;
  text-align: left;
  padding: 2px 5px;
  border-left: solid 1px #FFF;
  background-color: #27847A;
  color: #FFF;
  font-family: Roboto;
  font-size: 14px;
  font-style: normal;
  font-weight: 500;
  line-height: 26x;
}

.c4 {
  color: #1a1a1a;
  font-family: Inter;
  font-size: 26px;
  font-style: normal;
  font-weight: 500;
  line-height: 0px;
  padding: 5px;
  height: 60px;
  text-align: center;
}

.c2 {
  background-color: #fff;
  outline: thin solid #27847a;
}

.c1 {
  width: 100%;
  border-collapse: separate;
  border-spacing: 0 10px;
}

.c0 {
  background-color: #27847a;
  padding: 20px;
  height: 1200px;
}

<div
  className="c0"
>
  <table
    className="c1"
    headers={
      [
        "Timestamp",
        "Subject",
        "HTML",
      ]
    }
    rows={
      [
        [
          "2010-01-01T00:00:00.000Z",
          "example-1",
          <p>
            paragraph
          </p>,
        ],
        [
          "2011-01-01T00:00:00.000Z",
          "example-2",
          <button>
            button
          </button>,
        ],
        [
          "2012-01-01T00:00:00.000Z",
          "example-3",
          <h3>
            heading #3
          </h3>,
        ],
      ]
    }
  >
    <tr
      className="c2"
    >
      <th
        className="c3"
        style={{}}
      >
        Timestamp
      </th>
      <th
        className="c3"
        style={{}}
      >
        Subject
      </th>
      <th
        className="c3"
        style={{}}
      >
        HTML
      </th>
    </tr>
    <tr
      className="c2"
    >
      <td
        className="c4"
      >
        2010-01-01T00:00:00.000Z
      </td>
      <td
        className="c4"
      >
        example-1
      </td>
      <td
        className="c4"
      >
        <p>
          paragraph
        </p>
      </td>
    </tr>
    <tr
      className="c2"
    >
      <td
        className="c4"
      >
        2011-01-01T00:00:00.000Z
      </td>
      <td
        className="c4"
      >
        example-2
      </td>
      <td
        className="c4"
      >
        <button>
          button
        </button>
      </td>
    </tr>
    <tr
      className="c2"
    >
      <td
        className="c4"
      >
        2012-01-01T00:00:00.000Z
      </td>
      <td
        className="c4"
      >
        example-3
      </td>
      <td
        className="c4"
      >
        <h3>
          heading #3
        </h3>
      </td>
    </tr>
  </table>
</div>
`;
