// Jest Snapshot v1, https://goo.gl/fbAQLP

exports[`Test default 1`] = `
.c0 {
  width: auto;
  height: auto;
  border: 0;
  cursor: pointer;
  color: black;
  font-weight: inherit;
  background: #FFF;
}

<button
  borderRadius=""
  className="c0"
  closeBackground="#FFF"
  closeContent="?"
  fontColor="black"
  fontWeight="inherit"
  height="auto"
  isOpen={false}
  onClick={[MockFunction]}
  openBackground="lightgray"
  openContent="X"
  width="auto"
>
  ?
</button>
`;

exports[`Test hii 1`] = `
.c0 {
  width: 2.5em;
  height: 2.5em;
  border: 0;
  cursor: pointer;
  color: #FFF;
  font-weight: bold;
  background: #27847A;
  border-radius: 1.25em;
}

<button
  borderRadius="1.25em"
  className="c0"
  closeBackground="#27847A"
  closeContent="?"
  fontColor="#FFF"
  fontWeight="bold"
  height="2.5em"
  isOpen={false}
  onClick={[MockFunction]}
  openBackground="#000"
  openContent="X"
  width="2.5em"
>
  ?
</button>
`;
